<html>
<body>
<pre>
<h1>µVision Build Log</h1>
<h2>Project:</h2>
Z:\TI_Labor\Keil\RMPP04TDM\RMPP04TDM.uvproj
Project File Date:  12/09/2016

<h2>Output:</h2>
Build target 'RMPP04TDM'
linking...
Program Size: Code=16404 RO-data=512 RW-data=104 ZI-data=37752  
".\Obj\Anwendung.axf" - 0 Error(s), 0 Warning(s).
Load "Z:\\TI_Labor\\Keil\\RMPP04TDM\\Obj\\Anwendung.axf" 
Erase Done.
Programming Done.
Verify OK.
</pre>
</body>
</html>
.c" - 0 Error(s), 0 Warning(s).
.c" - 0 Error(s), 0 Warning(s).
